Script started on 2022-09-22 12:42:39-04:00 [TERM="xterm-256color" TTY="/dev/pts/2" COLUMNS="104" LINES="30"]
]0;ekambarov@LAPTOP-K08I4AP0: ~/lab3/3142Lab2[01;32mekambarov@LAPTOP-K08I4AP0[00m:[01;34m~/lab3/3142Lab2[00m$ git status
On branch master
Your branch is up to date with 'origin/master'.

Changes not staged for commit:
  (use "git add <file>..." to update what will be committed)
  (use "git restore <file>..." to discard changes in working directory)
	[31mmodified:   ex.md[m
	[31mmodified:   ref.md[m
	[31mmodified:   script-linux-21.log[m
	[31mmodified:   time-2022-09-21.txt[m

Untracked files:
  (use "git add <file>..." to include in what will be committed)
	[31mscript-linux-22.log[m
	[31mtime-2022-09-22.txt[m

no changes added to commit (use "git add" and/or "git commit -a")
]0;ekambarov@LAPTOP-K08I4AP0: ~/lab3/3142Lab2[01;32mekambarov@LAPTOP-K08I4AP0[00m:[01;34m~/lab3/3142Lab2[00m$ git commit -a[Km "Eddit[K[K[Kited .md files to displa formatting properlu [A[C[C[C[C[C[C[C[C[C[C[C[C[C[C[C[C[C[C[C[C[C[C[C[C[C[C[C[C[C[C[C[C[C[C[C[C[C[C[C[C[C[C[C[C[C[C[C[C[C[C[C[C[C[C[C[C[C[C[C[C[C[C[C[C[C[C[C[C[C[C[C[C[C[C[C[C[C[C[C[C[C[C[C[C[C[C[C[C[C[C[C[C[C[C[C[C[C[C[C[C[C[C[C[K
[K[A[C[C[C[C[C[C[C[C[C[C[C[C[C[C[C[C[C[C[C[C[C[C[C[C[C[C[C[C[C[C[C[C[C[C[C[C[C[C[C[C[C[C[C[C[C[C[C[C[C[C[C[C[C[C[C[C[C[C[C[C[C[C[C[C[C[C[C[C[C[C[C[C[C[C[C[C[C[C[C[C[C[C[C[C[C[C[C[C[C[C[C[C[C[C[C[C[C[C[C[C[C[C[C[Kly "
On branch master
Your branch is up to date with 'origin/master'.

Changes not staged for commit:
  (use "git add <file>..." to update what will be committed)
  (use "git restore <file>..." to discard changes in working directory)
	[31mmodified:   ex.md[m
	[31mmodified:   ref.md[m
	[31mmodified:   script-linux-21.log[m
	[31mmodified:   time-2022-09-21.txt[m

Untracked files:
  (use "git add <file>..." to include in what will be committed)
	[31mscript-linux-22.log[m
	[31mtime-2022-09-22.txt[m

no changes added to commit (use "git add" and/or "git commit -a")
]0;ekambarov@LAPTOP-K08I4AP0: ~/lab3/3142Lab2[01;32mekambarov@LAPTOP-K08I4AP0[00m:[01;34m~/lab3/3142Lab2[00m$ [K]0;ekambarov@LAPTOP-K08I4AP0: ~/lab3/3142Lab2[01;32mekambarov@LAPTOP-K08I4AP0[00m:[01;34m~/lab3/3142Lab2[00m$ [K]0;ekambarov@LAPTOP-K08I4AP0: ~/lab3/3142Lab2[01;32mekambarov@LAPTOP-K08I4AP0[00m:[01;34m~/lab3/3142Lab2[00m$ [K]0;ekambarov@LAPTOP-K08I4AP0: ~/lab3/3142Lab2[01;32mekambarov@LAPTOP-K08I4AP0[00m:[01;34m~/lab3/3142Lab2[00m$ [K]0;ekambarov@LAPTOP-K08I4AP0: ~/lab3/3142Lab2[01;32mekambarov@LAPTOP-K08I4AP0[00m:[01;34m~/lab3/3142Lab2[00m$ [K]0;ekambarov@LAPTOP-K08I4AP0: ~/lab3/3142Lab2[01;32mekambarov@LAPTOP-K08I4AP0[00m:[01;34m~/lab3/3142Lab2[00m$ [K]0;ekambarov@LAPTOP-K08I4AP0: ~/lab3/3142Lab2[01;32mekambarov@LAPTOP-K08I4AP0[00m:[01;34m~/lab3/3142Lab2[00m$ [K]0;ekambarov@LAPTOP-K08I4AP0: ~/lab3/3142Lab2[01;32mekambarov@LAPTOP-K08I4AP0[00m:[01;34m~/lab3/3142Lab2[00m$ git add --script script-linux-$(date +%d).log --timing=time-$(date +%F).txt[K[K[K[K[K[K[K[K[K[K[K[K[K[K[K[K[K[K[K[K[K[K[K[K[K[K[K[K[K[K[K[K[K[K[K[K[K[K[K[K[K[K[K[K[K[K[K[K[K[K[K[K[K[K[K[K[K[K[K[K[K[K[K[K[Kall
]0;ekambarov@LAPTOP-K08I4AP0: ~/lab3/3142Lab2[01;32mekambarov@LAPTOP-K08I4AP0[00m:[01;34m~/lab3/3142Lab2[00m$ git comm[Kmit -m" N[K[K[K "New log and new commite[K[K[K[K[K[K[K[K[K[K[Kcnhanges to all .md files"
[master 4f026fc] New log and cnhanges to all .md files
 6 files changed, 160 insertions(+), 81 deletions(-)
 rewrite ex.md (67%)
 rewrite ref.md (100%)
 create mode 100644 script-linux-22.log
 create mode 100644 time-2022-09-22.txt
]0;ekambarov@LAPTOP-K08I4AP0: ~/lab3/3142Lab2[01;32mekambarov@LAPTOP-K08I4AP0[00m:[01;34m~/lab3/3142Lab2[00m$ git push[K[K[K[K[K[K[K[Kexit
exit

Script done on 2022-09-22 12:44:31-04:00 [COMMAND_EXIT_CODE="0"]
